Processing esp32-c5-zigbee (platform: d:/Projekte/platform-espressif32; framework: arduino; board: os4proEsp32)
--------------------------------------------------------------------------------
Library Manager: Installing opensprinklershop/arduinoWebSockets
Verbose mode can be enabled via `-v, --verbose` option
CONFIGURATION: https://docs.platformio.org/page/boards/espressif32/os4proEsp32.html
PLATFORM: Espressif 32 (55.03.36) > OpenSprinkler OS4 Pro ESP32-C5 with PSRAM
HARDWARE: ESP32C5 240MHz, 8MB RAM, 8MB Flash
DEBUG: Current (cmsis-dap) External (cmsis-dap, esp-bridge, esp-builtin, esp-prog, iot-bus-jtag, jlink, minimodule, olimex-arm-usb-ocd, olimex-arm-usb-ocd-h, olimex-arm-usb-tiny-h, olimex-jtag-tiny, tumpa)
PACKAGES: 
 - contrib-piohome @ 3.4.4 
 - framework-arduinoespressif32 @ 3.3.6 
 - framework-arduinoespressif32-libs @ 5.5.0+sha.f56bea3d1f 
 - tool-esp-rom-elfs @ 2024.10.11 
 - tool-esptoolpy @ 5.1.0 
 - tool-openocd-esp32 @ 2.1200.20251215 (12.0) 
 - tool-riscv32-esp-elf-gdb @ 16.3.0+20250913 
 - toolchain-riscv32-esp @ 14.2.0+20251107
Converting mainArduino.ino
[ComponentManager] BT/BLE protection enabled
[ComponentManager] Processed 1 ignored libraries
[ComponentManager] Session completed with 2 changes
*** Applied include path shortening for 311 framework paths ***
*** Path length reduced from 36878 to ~13024 characters ***
*** Estimated savings: 23325 characters ***
LDF: Library Dependency Finder -> https://bit.ly/configure-pio-ldf
LDF Modes: Finder ~ chain, Compatibility ~ soft
Found 48 compatible libraries
Scanning dependencies...
Build interrupted.
